// Jest Snapshot v1, https://goo.gl/fbAQLP

exports[`Testing our button component renders correctly 1`] = `
<div>
  <button
    className="medium red"
    data-testid="button-component"
  >
    Click-Me
  </button>
</div>
`;
